## target head ff8d919 test file, host global init.defaultBranch=trunk (expect all pass)
ok - a stale pooled worktree refreshes to current origin/main before a crew branch is created
ok - a stale pooled worktree resolves and refreshes a non-main default branch
ok - direct-PR ships and scouts both refresh stale pooled worktrees before launch
ok - a dirty pooled worktree is refused without discarding its local work
ok - an unresolved remote default branch refuses the pooled worktree
ok - an unreachable origin refuses a potentially stale pooled worktree
ok - a remote-less project refreshes its pooled worktree to the local default branch tip
ok - a dirty pooled worktree in a remote-less project is still refused without discarding its work
ok - an unresolvable local default branch refuses a remote-less pooled worktree
ok - a remote-less project launches from the default branch even when the checkout is on a feature branch
ok - a repository whose only remote is not origin is still refused without fetching
ok - a remote-less checkout on a branch nothing recognises as the default is refused, not promoted
ok - a remote-less project launches from its configured default branch, not the checked-out feature branch
ok - two consecutive spawns across a moved submodule pin end in a refusal naming both pins and no remedy
ok - an unpushed submodule commit keeps the uncommitted-work refusal and survives it
ok - work inside a submodule is still refused as uncommitted work, not called stale
ok - a stale pin carrying real work is refused conservatively, never called stale
ok - a stale pin beside other dirt yields the conservative refusal alone, with no stale-pin line
# all fm-spawn-pool-base-freshen tests passed
exit=0
